2026-07-17T10:34:13.2112604Z Current runner version: '2.335.1'
2026-07-17T10:34:13.2148796Z ##[group]Runner Image Provisioner
2026-07-17T10:34:13.2150547Z Hosted Compute Agent
2026-07-17T10:34:13.2151506Z Version: 20260707.563
2026-07-17T10:34:13.2152524Z Commit: 02667638d2b423fbc733a8e32a88b44996a3ba6e
2026-07-17T10:34:13.2153748Z Build Date: 2026-07-07T19:33:50Z
2026-07-17T10:34:13.2154778Z Worker ID: {01505726-d646-477d-a9b4-a7404a0f21a2}
2026-07-17T10:34:13.2155928Z Azure Region: eastus
2026-07-17T10:34:13.2156861Z ##[endgroup]
2026-07-17T10:34:13.2159179Z ##[group]Operating System
2026-07-17T10:34:13.2160168Z Ubuntu
2026-07-17T10:34:13.2161242Z 24.04.4
2026-07-17T10:34:13.2162123Z LTS
2026-07-17T10:34:13.2162910Z ##[endgroup]
2026-07-17T10:34:13.2163895Z ##[group]Runner Image
2026-07-17T10:34:13.2164820Z Image: ubuntu-24.04
2026-07-17T10:34:13.2166262Z Version: 20260714.240.1
2026-07-17T10:34:13.2168337Z Included Software: https://github.com/actions/runner-images/blob/ubuntu24/20260714.240/images/ubuntu/Ubuntu2404-Readme.md
2026-07-17T10:34:13.2171125Z Image Release: https://github.com/actions/runner-images/releases/tag/ubuntu24%2F20260714.240
2026-07-17T10:34:13.2172837Z ##[endgroup]
2026-07-17T10:34:13.2174634Z ##[group]GITHUB_TOKEN Permissions
2026-07-17T10:34:13.2177805Z Contents: read
2026-07-17T10:34:13.2178739Z Metadata: read
2026-07-17T10:34:13.2179576Z ##[endgroup]
2026-07-17T10:34:13.2183006Z Secret source: Actions
2026-07-17T10:34:13.2184460Z Prepare workflow directory
2026-07-17T10:34:13.2655402Z Prepare all required actions
2026-07-17T10:34:13.2709907Z Getting action download info
2026-07-17T10:34:13.4898310Z Download action repository 'actions/checkout@v4' (SHA:34e114876b0b11c390a56381ad16ebd13914f8d5)
2026-07-17T10:34:13.6297363Z Download action repository 'aws-actions/configure-aws-credentials@v6.1.0' (SHA:ec61189d14ec14c8efccab744f656cffd0e33f37)
2026-07-17T10:34:13.7805702Z Download action repository 'pnpm/action-setup@v6' (SHA:0ebf47130e4866e96fce0953f49152a61190b271)
2026-07-17T10:34:13.9896755Z Complete job name: Destroy
2026-07-17T10:34:14.0940820Z Node 20 is being deprecated. This workflow is running with Node 24 by default. If you need to temporarily use Node 20, you can set the ACTIONS_ALLOW_USE_UNSECURE_NODE_VERSION=true environment variable. For more information see: https://github.blog/changelog/2025-09-19-deprecation-of-node-20-on-github-actions-runners/
2026-07-17T10:34:14.0949409Z ##[group]Run actions/checkout@v4
2026-07-17T10:34:14.0950103Z with:
2026-07-17T10:34:14.0950785Z   repository: CRUDWebApp/Infrastructure
2026-07-17T10:34:14.0954647Z   token: ***
2026-07-17T10:34:14.0955090Z   ssh-strict: true
2026-07-17T10:34:14.0955548Z   ssh-user: git
2026-07-17T10:34:14.0956018Z   persist-credentials: true
2026-07-17T10:34:14.0956511Z   clean: true
2026-07-17T10:34:14.0956968Z   sparse-checkout-cone-mode: true
2026-07-17T10:34:14.0957491Z   fetch-depth: 1
2026-07-17T10:34:14.0957933Z   fetch-tags: false
2026-07-17T10:34:14.0958387Z   show-progress: true
2026-07-17T10:34:14.0958840Z   lfs: false
2026-07-17T10:34:14.0959336Z   submodules: false
2026-07-17T10:34:14.0959790Z   set-safe-directory: true
2026-07-17T10:34:14.0960667Z ##[endgroup]
2026-07-17T10:34:14.2087479Z Syncing repository: CRUDWebApp/Infrastructure
2026-07-17T10:34:14.2089675Z ##[group]Getting Git version info
2026-07-17T10:34:14.2090863Z Working directory is '/home/runner/work/Infrastructure/Infrastructure'
2026-07-17T10:34:14.2092064Z [command]/usr/bin/git version
2026-07-17T10:34:14.2132092Z git version 2.54.0
2026-07-17T10:34:14.2153655Z ##[endgroup]
2026-07-17T10:34:14.2171576Z Temporarily overriding HOME='/home/runner/work/_temp/2b95a07b-e0d6-4d28-985d-84067fbed7f0' before making global git config changes
2026-07-17T10:34:14.2173800Z Adding repository directory to the temporary git global config as a safe directory
2026-07-17T10:34:14.2177377Z [command]/usr/bin/git config --global --add safe.directory /home/runner/work/Infrastructure/Infrastructure
2026-07-17T10:34:14.2267604Z Deleting the contents of '/home/runner/work/Infrastructure/Infrastructure'
2026-07-17T10:34:14.2280556Z ##[group]Initializing the repository
2026-07-17T10:34:14.2282024Z [command]/usr/bin/git init /home/runner/work/Infrastructure/Infrastructure
2026-07-17T10:34:14.2398762Z hint: Using 'master' as the name for the initial branch. This default branch name
2026-07-17T10:34:14.2400618Z hint: will change to "main" in Git 3.0. To configure the initial branch name
2026-07-17T10:34:14.2402121Z hint: to use in all of your new repositories, which will suppress this warning,
2026-07-17T10:34:14.2403318Z hint: call:
2026-07-17T10:34:14.2403964Z hint:
2026-07-17T10:34:14.2404802Z hint: 	git config --global init.defaultBranch <name>
2026-07-17T10:34:14.2405817Z hint:
2026-07-17T10:34:14.2406729Z hint: Names commonly chosen instead of 'master' are 'main', 'trunk' and
2026-07-17T10:34:14.2408221Z hint: 'development'. The just-created branch can be renamed via this command:
2026-07-17T10:34:14.2409430Z hint:
2026-07-17T10:34:14.2410411Z hint: 	git branch -m <name>
2026-07-17T10:34:14.2411177Z hint:
2026-07-17T10:34:14.2412245Z hint: Disable this message with "git config set advice.defaultBranchName false"
2026-07-17T10:34:14.2414277Z Initialized empty Git repository in /home/runner/work/Infrastructure/Infrastructure/.git/
2026-07-17T10:34:14.2423188Z [command]/usr/bin/git remote add origin https://github.com/CRUDWebApp/Infrastructure
2026-07-17T10:34:14.2521870Z ##[endgroup]
2026-07-17T10:34:14.2523586Z ##[group]Disabling automatic garbage collection
2026-07-17T10:34:14.2531207Z [command]/usr/bin/git config --local gc.auto 0
2026-07-17T10:34:14.2559542Z ##[endgroup]
2026-07-17T10:34:14.2560677Z ##[group]Setting up auth
2026-07-17T10:34:14.2561603Z [command]/usr/bin/git config --local --name-only --get-regexp core\.sshCommand
2026-07-17T10:34:14.2593837Z [command]/usr/bin/git submodule foreach --recursive sh -c "git config --local --name-only --get-regexp 'core\.sshCommand' && git config --local --unset-all 'core.sshCommand' || :"
2026-07-17T10:34:14.3036331Z [command]/usr/bin/git config --local --name-only --get-regexp http\.https\:\/\/github\.com\/\.extraheader
2026-07-17T10:34:14.3081428Z [command]/usr/bin/git submodule foreach --recursive sh -c "git config --local --name-only --get-regexp 'http\.https\:\/\/github\.com\/\.extraheader' && git config --local --unset-all 'http.https://github.com/.extraheader' || :"
2026-07-17T10:34:14.3347676Z [command]/usr/bin/git config --local --name-only --get-regexp ^includeIf\.gitdir:
2026-07-17T10:34:14.3388151Z [command]/usr/bin/git submodule foreach --recursive git config --local --show-origin --name-only --get-regexp remote.origin.url
2026-07-17T10:34:14.3655994Z [command]/usr/bin/git config --local http.https://github.com/.extraheader AUTHORIZATION: basic ***
2026-07-17T10:34:14.3699957Z ##[endgroup]
2026-07-17T10:34:14.3701665Z ##[group]Fetching the repository
2026-07-17T10:34:14.3711573Z [command]/usr/bin/git -c protocol.version=2 fetch --no-tags --prune --no-recurse-submodules --depth=1 origin +4af4761819a81be5ee176d15f260f89335251e17:refs/remotes/origin/develop
2026-07-17T10:34:14.5781489Z From https://github.com/CRUDWebApp/Infrastructure
2026-07-17T10:34:14.5782527Z  * [new ref]         4af4761819a81be5ee176d15f260f89335251e17 -> origin/develop
2026-07-17T10:34:14.5813624Z ##[endgroup]
2026-07-17T10:34:14.5814417Z ##[group]Determining the checkout info
2026-07-17T10:34:14.5816144Z ##[endgroup]
2026-07-17T10:34:14.5822553Z [command]/usr/bin/git sparse-checkout disable
2026-07-17T10:34:14.5876605Z [command]/usr/bin/git config --local --unset-all extensions.worktreeConfig
2026-07-17T10:34:14.5911132Z ##[group]Checking out the ref
2026-07-17T10:34:14.5917755Z [command]/usr/bin/git checkout --progress --force -B develop refs/remotes/origin/develop
2026-07-17T10:34:14.6015529Z Switched to a new branch 'develop'
2026-07-17T10:34:14.6017223Z branch 'develop' set up to track 'origin/develop'.
2026-07-17T10:34:14.6024590Z ##[endgroup]
2026-07-17T10:34:14.6071392Z [command]/usr/bin/git log -1 --format=%H
2026-07-17T10:34:14.6101435Z 4af4761819a81be5ee176d15f260f89335251e17
2026-07-17T10:34:14.6481942Z ##[group]Run aws-actions/configure-aws-credentials@v6.1.0
2026-07-17T10:34:14.6482659Z with:
2026-07-17T10:34:14.6483259Z   aws-access-key-id: ***
2026-07-17T10:34:14.6483919Z   aws-secret-access-key: ***
2026-07-17T10:34:14.6484430Z   aws-region: us-east-1
2026-07-17T10:34:14.6484918Z   audience: sts.amazonaws.com
2026-07-17T10:34:14.6485454Z ##[endgroup]
2026-07-17T10:34:14.8446403Z Proceeding with IAM user credentials
2026-07-17T10:34:14.8698696Z ##[group]Run pnpm/action-setup@v6
2026-07-17T10:34:14.8699978Z with:
2026-07-17T10:34:14.8701120Z   version: 11
2026-07-17T10:34:14.8702121Z   cache: true
2026-07-17T10:34:14.8703378Z   cache_dependency_path: ./infrastructure/pnpm-lock.yaml
2026-07-17T10:34:14.8704952Z   dest: ~/setup-pnpm
2026-07-17T10:34:14.8706026Z   run_install: null
2026-07-17T10:34:14.8707127Z   package_json_file: package.json
2026-07-17T10:34:14.8708395Z   standalone: false
2026-07-17T10:34:14.8709410Z env:
2026-07-17T10:34:14.8710545Z   AWS_DEFAULT_REGION: us-east-1
2026-07-17T10:34:14.8711808Z   AWS_REGION: us-east-1
2026-07-17T10:34:14.8713395Z   AWS_ACCESS_KEY_ID: ***
2026-07-17T10:34:14.8714924Z   AWS_SECRET_ACCESS_KEY: ***
2026-07-17T10:34:14.8716115Z ##[endgroup]
2026-07-17T10:34:15.0235098Z ##[group]Running self-installer...
2026-07-17T10:34:16.2877260Z 
2026-07-17T10:34:16.2878217Z added 1 package, and audited 2 packages in 1s
2026-07-17T10:34:16.2878827Z 
2026-07-17T10:34:16.2879165Z 1 package is looking for funding
2026-07-17T10:34:16.2879944Z   run `npm fund` for details
2026-07-17T10:34:16.2991282Z 
2026-07-17T10:34:16.2991984Z 1 high severity vulnerability
2026-07-17T10:34:16.2992433Z 
2026-07-17T10:34:16.2992681Z To address all issues, run:
2026-07-17T10:34:16.2993190Z   npm audit fix --force
2026-07-17T10:34:16.2993508Z 
2026-07-17T10:34:16.2993728Z Run `npm audit` for details.
2026-07-17T10:34:16.9149820Z Checking for updates...
2026-07-17T10:34:17.0697241Z Switching pnpm from v11.7.0 to v11.13.1...
2026-07-17T10:34:17.5992758Z .../.bin/global/v11/928-19f6fa429b9      | Progress: resolved 1, reused 0, downloaded 0, added 0
2026-07-17T10:34:17.6021707Z .../.bin/global/v11/928-19f6fa429b9      |   +1 +
2026-07-17T10:34:17.9515605Z .../.bin/global/v11/928-19f6fa429b9      | Progress: resolved 1, reused 0, downloaded 1, added 1, done
2026-07-17T10:34:17.9791239Z [WARN] Detected a pnpm v10 installation layout at PNPM_HOME. The pnpm shims at PNPM_HOME have been refreshed so the new version is active, but pnpm v11 expects bins in PNPM_HOME/bin. Run "pnpm setup" to migrate your PATH to the v11 layout.
2026-07-17T10:34:17.9825034Z Successfully updated pnpm to v11.13.1
2026-07-17T10:34:18.1615380Z ##[endgroup]
2026-07-17T10:34:18.1616651Z Installation Completed!
2026-07-17T10:34:18.1620797Z ##[group]Restoring cache...
2026-07-17T10:34:18.1682717Z [command]/home/runner/setup-pnpm/node_modules/.bin/bin/pnpm store path --silent
2026-07-17T10:34:18.7651914Z /home/runner/setup-pnpm/node_modules/.bin/store/v11
2026-07-17T10:34:18.8747049Z Cache hit for: pnpm-cache-Linux-x64-54c035bec6a2e42c66ee448ba72518ecfb964933f059dc842614053624f142a7
2026-07-17T10:34:19.7852935Z Received 119015764 of 119015764 (100.0%), 134.3 MBs/sec
2026-07-17T10:34:19.7859298Z Cache Size: ~114 MB (119015764 B)
2026-07-17T10:34:19.7898464Z [command]/usr/bin/tar -xf /home/runner/work/_temp/4df93cbf-3083-4589-a629-2f58a99f644a/cache.tzst -P -C /home/runner/work/Infrastructure/Infrastructure --use-compress-program unzstd
2026-07-17T10:34:20.6451702Z Cache restored successfully
2026-07-17T10:34:20.6524970Z Cache restored from key: pnpm-cache-Linux-x64-54c035bec6a2e42c66ee448ba72518ecfb964933f059dc842614053624f142a7
2026-07-17T10:34:20.6527402Z ##[endgroup]
2026-07-17T10:34:20.6793518Z ##[group]Run pnpm install --frozen-lockfile
2026-07-17T10:34:20.6794026Z [36;1mpnpm install --frozen-lockfile[0m
2026-07-17T10:34:20.6886002Z shell: /usr/bin/bash -e {0}
2026-07-17T10:34:20.6886458Z env:
2026-07-17T10:34:20.6886805Z   AWS_DEFAULT_REGION: us-east-1
2026-07-17T10:34:20.6887199Z   AWS_REGION: us-east-1
2026-07-17T10:34:20.6887990Z   AWS_ACCESS_KEY_ID: ***
2026-07-17T10:34:20.6888368Z   AWS_SECRET_ACCESS_KEY: ***
2026-07-17T10:34:20.6888701Z   PNPM_HOME: /home/runner/setup-pnpm/node_modules/.bin
2026-07-17T10:34:20.6889113Z ##[endgroup]
2026-07-17T10:34:21.2696436Z ? Verifying lockfile against supply-chain policies (336 entries)...
2026-07-17T10:34:21.2808505Z Lockfile is up to date, resolution step is skipped
2026-07-17T10:34:21.4079152Z Progress: resolved 1, reused 0, downloaded 0, added 0
2026-07-17T10:34:21.5171710Z Packages: +308
2026-07-17T10:34:21.5198034Z ++++++++++++++++++++++++++++++++++++++++++++++++++++++++++++++++++++++++++++++++
2026-07-17T10:34:22.4215936Z Progress: resolved 308, reused 267, downloaded 0, added 0
2026-07-17T10:34:23.0079537Z Progress: resolved 308, reused 308, downloaded 0, added 308, done
2026-07-17T10:34:23.3896755Z ✓ Lockfile passes supply-chain policies (336 entries in 2.1s)
2026-07-17T10:34:23.4460137Z 
2026-07-17T10:34:23.4461529Z dependencies:
2026-07-17T10:34:23.4462035Z + @aws-cdk/lambda-layer-kubectl-v35 2.2.2
2026-07-17T10:34:23.4462531Z + aws-cdk-lib 2.261.0
2026-07-17T10:34:23.4462895Z + constructs 10.6.0
2026-07-17T10:34:23.4463123Z 
2026-07-17T10:34:23.4463287Z devDependencies:
2026-07-17T10:34:23.4463662Z + @types/jest 30.0.0
2026-07-17T10:34:23.4464046Z + @types/node 24.13.2
2026-07-17T10:34:23.4464402Z + aws-cdk 2.1128.1
2026-07-17T10:34:23.4464737Z + jest 30.4.2
2026-07-17T10:34:23.4465070Z + ts-jest 29.4.11
2026-07-17T10:34:23.4465407Z + ts-node 10.9.2
2026-07-17T10:34:23.4465749Z + typescript 5.9.3
2026-07-17T10:34:23.4465969Z 
2026-07-17T10:34:23.4766888Z Done in 2.7s using pnpm v11.13.1
2026-07-17T10:34:23.5254792Z ##[group]Run echo "***
2026-07-17T10:34:23.5255410Z [36;1mecho "***[0m
2026-07-17T10:34:23.5255656Z [36;1m" > ec2-key.pub[0m
2026-07-17T10:34:23.5322605Z shell: /usr/bin/bash -e {0}
2026-07-17T10:34:23.5322901Z env:
2026-07-17T10:34:23.5323144Z   AWS_DEFAULT_REGION: us-east-1
2026-07-17T10:34:23.5323430Z   AWS_REGION: us-east-1
2026-07-17T10:34:23.5323827Z   AWS_ACCESS_KEY_ID: ***
2026-07-17T10:34:23.5324185Z   AWS_SECRET_ACCESS_KEY: ***
2026-07-17T10:34:23.5324501Z   PNPM_HOME: /home/runner/setup-pnpm/node_modules/.bin
2026-07-17T10:34:23.5324843Z ##[endgroup]
2026-07-17T10:34:23.5446006Z ##[group]Run pnpm build
2026-07-17T10:34:23.5446301Z [36;1mpnpm build[0m
2026-07-17T10:34:23.5512063Z shell: /usr/bin/bash -e {0}
2026-07-17T10:34:23.5512351Z env:
2026-07-17T10:34:23.5512578Z   AWS_DEFAULT_REGION: us-east-1
2026-07-17T10:34:23.5512854Z   AWS_REGION: us-east-1
2026-07-17T10:34:23.5513261Z   AWS_ACCESS_KEY_ID: ***
2026-07-17T10:34:23.5513607Z   AWS_SECRET_ACCESS_KEY: ***
2026-07-17T10:34:23.5513933Z   PNPM_HOME: /home/runner/setup-pnpm/node_modules/.bin
2026-07-17T10:34:23.5514275Z ##[endgroup]
2026-07-17T10:34:23.9872438Z $ tsc
2026-07-17T10:34:28.1432922Z ##[group]Run pnpm cdk destroy --all --force
2026-07-17T10:34:28.1433315Z [36;1mpnpm cdk destroy --all --force[0m
2026-07-17T10:34:28.1496666Z shell: /usr/bin/bash -e {0}
2026-07-17T10:34:28.1496968Z env:
2026-07-17T10:34:28.1497200Z   AWS_DEFAULT_REGION: us-east-1
2026-07-17T10:34:28.1497468Z   AWS_REGION: us-east-1
2026-07-17T10:34:28.1497892Z   AWS_ACCESS_KEY_ID: ***
2026-07-17T10:34:28.1498243Z   AWS_SECRET_ACCESS_KEY: ***
2026-07-17T10:34:28.1498582Z   PNPM_HOME: /home/runner/setup-pnpm/node_modules/.bin
2026-07-17T10:34:28.1498930Z ##[endgroup]
2026-07-17T10:34:28.5902773Z $ cdk destroy --all --force
2026-07-17T10:34:30.3605058Z RDSStack: destroying... [1/4]
2026-07-17T10:34:32.7357945Z RDSStack |   0 | 10:34:30 AM | DELETE_IN_PROGRESS      | AWS::CloudFormation::Stack                  | RDSStack User Initiated
2026-07-17T10:34:32.7359754Z RDSStack |   0 | 10:34:32 AM | DELETE_IN_PROGRESS      | AWS::SecretsManager::SecretTargetAttachment | RDS/DatabaseSecret/Attachment (RDSDatabaseSecretAttachment5338CD8F) 
2026-07-17T10:34:32.7361559Z RDSStack |   0 | 10:34:32 AM | DELETE_IN_PROGRESS      | AWS::CDK::Metadata                          | CDKMetadata/Default (CDKMetadata) 
2026-07-17T10:34:32.7363674Z RDSStack |   0 | 10:34:32 AM | DELETE_IN_PROGRESS      | AWS::EC2::SecurityGroupIngress              | RDSRDSSecurityGroupfromEKSStackEksClusterClusterSecurityGroupC4461D435432CBA74684 
2026-07-17T10:34:32.7365687Z RDSStack |   0 | 10:34:32 AM | DELETE_IN_PROGRESS      | AWS::EC2::SecurityGroupIngress              | RDSRDSSecurityGroupfromEKSStackEksClusterControlPlaneSecurityGroup3F7E984754320ED121E6 
2026-07-17T10:34:34.8782014Z RDSStack |   1 | 10:34:33 AM | DELETE_COMPLETE         | AWS::CDK::Metadata                          | CDKMetadata/Default (CDKMetadata) 
2026-07-17T10:34:34.8792136Z RDSStack |   2 | 10:34:33 AM | DELETE_COMPLETE         | AWS::EC2::SecurityGroupIngress              | RDSRDSSecurityGroupfromEKSStackEksClusterClusterSecurityGroupC4461D435432CBA74684 
2026-07-17T10:34:34.8841958Z RDSStack |   3 | 10:34:33 AM | DELETE_COMPLETE         | AWS::SecretsManager::SecretTargetAttachment | RDS/DatabaseSecret/Attachment (RDSDatabaseSecretAttachment5338CD8F) 
2026-07-17T10:34:34.8844226Z RDSStack |   4 | 10:34:33 AM | DELETE_COMPLETE         | AWS::EC2::SecurityGroupIngress              | RDSRDSSecurityGroupfromEKSStackEksClusterControlPlaneSecurityGroup3F7E984754320ED121E6 
2026-07-17T10:34:34.8846140Z RDSStack |   4 | 10:34:34 AM | DELETE_IN_PROGRESS      | AWS::RDS::DBInstance                        | RDS/PostgresDatabase (RDSPostgresDatabase0FE53F5D) 
2026-07-17T10:38:10.6581452Z RDSStack |   5 | 10:38:08 AM | DELETE_COMPLETE         | AWS::RDS::DBInstance                        | RDS/PostgresDatabase (RDSPostgresDatabase0FE53F5D) 
2026-07-17T10:38:10.6585416Z RDSStack |   5 | 10:38:08 AM | DELETE_IN_PROGRESS      | AWS::RDS::DBSubnetGroup                     | RDS/PostgresDatabase/SubnetGroup/Default (RDSPostgresDatabaseSubnetGroup1AEEE59A) 
2026-07-17T10:38:10.6587131Z RDSStack |   5 | 10:38:08 AM | DELETE_IN_PROGRESS      | AWS::EC2::SecurityGroup                     | RDS/RDSSecurityGroup (RDSRDSSecurityGroup30489588) 
2026-07-17T10:38:10.6588306Z RDSStack |   5 | 10:38:08 AM | DELETE_IN_PROGRESS      | AWS::SecretsManager::Secret                 | RDS/DatabaseSecret (RDSDatabaseSecret966E1535) 
2026-07-17T10:38:10.6589581Z RDSStack |   6 | 10:38:09 AM | DELETE_COMPLETE         | AWS::RDS::DBSubnetGroup                     | RDS/PostgresDatabase/SubnetGroup/Default (RDSPostgresDatabaseSubnetGroup1AEEE59A) 
2026-07-17T10:38:10.6591386Z RDSStack |   7 | 10:38:10 AM | DELETE_COMPLETE         | AWS::EC2::SecurityGroup                     | RDS/RDSSecurityGroup (RDSRDSSecurityGroup30489588) 
2026-07-17T10:38:16.9099954Z RDSStack |   8 | 10:38:15 AM | DELETE_COMPLETE         | AWS::SecretsManager::Secret                 | RDS/DatabaseSecret (RDSDatabaseSecret966E1535) 
2026-07-17T10:38:16.9102539Z RDSStack |   9 | 10:38:15 AM | DELETE_COMPLETE         | AWS::CloudFormation::Stack                  | RDSStack 
2026-07-17T10:38:18.6933275Z 
2026-07-17T10:38:18.6934067Z  ✅  RDSStack: destroyed
2026-07-17T10:38:18.6941025Z ECRStack: destroying... [2/4]
2026-07-17T10:38:20.8160906Z ECRStack |   0 | 10:38:18 AM | DELETE_IN_PROGRESS      | AWS::CloudFormation::Stack | ECRStack User Initiated
2026-07-17T10:38:22.8722041Z ECRStack |   0 | 10:38:20 AM | DELETE_IN_PROGRESS      | AWS::CDK::Metadata         | CDKMetadata/Default (CDKMetadata) 
2026-07-17T10:38:22.8723028Z ECRStack |   0 | 10:38:20 AM | DELETE_IN_PROGRESS      | AWS::ECR::Repository       | ECR/BackendRepository (ECRBackendRepository64BCEFFF) 
2026-07-17T10:38:22.8723911Z ECRStack |   1 | 10:38:21 AM | DELETE_COMPLETE         | AWS::CDK::Metadata         | CDKMetadata/Default (CDKMetadata) 
2026-07-17T10:38:22.8724720Z ECRStack |   2 | 10:38:21 AM | DELETE_COMPLETE         | AWS::ECR::Repository       | ECR/BackendRepository (ECRBackendRepository64BCEFFF) 
2026-07-17T10:38:22.8725475Z ECRStack |   3 | 10:38:22 AM | DELETE_COMPLETE         | AWS::CloudFormation::Stack | ECRStack 
2026-07-17T10:38:24.1288625Z 
2026-07-17T10:38:24.1289570Z  ✅  ECRStack: destroyed
2026-07-17T10:38:24.1290020Z EKSStack: destroying... [3/4]
2026-07-17T10:38:26.2567161Z EKSStack |   0 | 10:38:24 AM | DELETE_IN_PROGRESS      | AWS::CloudFormation::Stack            | EKSStack User Initiated
2026-07-17T10:38:28.3311702Z EKSStack |   0 | 10:38:26 AM | DELETE_IN_PROGRESS      | AWS::EKS::Nodegroup                   | EKSStack/EksCluster/NodegroupNodeGroup (EKSStackEksClusterNodegroupNodeGroup8374C8DB) 
2026-07-17T10:38:28.3320058Z EKSStack |   0 | 10:38:26 AM | DELETE_IN_PROGRESS      | AWS::CDK::Metadata                    | CDKMetadata/Default (CDKMetadata) 
2026-07-17T10:38:28.3347419Z EKSStack |   0 | 10:38:26 AM | DELETE_IN_PROGRESS      | Custom::AWSCDK-EKS-KubernetesResource | EKSStack/EksCluster/AwsAuth/manifest/Resource/Default (EKSStackEksClusterAwsAuthmanifestFFD2D188) 
2026-07-17T10:38:28.3348940Z EKSStack |   1 | 10:38:27 AM | DELETE_COMPLETE         | AWS::CDK::Metadata                    | CDKMetadata/Default (CDKMetadata) 
2026-07-17T10:38:36.8319609Z EKSStack |   2 | 10:38:35 AM | DELETE_COMPLETE         | Custom::AWSCDK-EKS-KubernetesResource | EKSStack/EksCluster/AwsAuth/manifest/Resource/Default (EKSStackEksClusterAwsAuthmanifestFFD2D188) 
2026-07-17T10:38:36.8327266Z EKSStack |   2 | 10:38:36 AM | DELETE_IN_PROGRESS      | AWS::CloudFormation::Stack            | @aws-cdk--aws-eks.KubectlProvider.NestedStack/@aws-cdk--aws-eks.KubectlProvider.NestedStackResource (awscdkawseksKubectlProviderNestedStackawscdkawseksKubectlProviderNestedStackResourceA7AEBA6B) 
2026-07-17T10:38:36.8334756Z EKSStack |   2 | 10:38:36 AM | DELETE_IN_PROGRESS      | AWS::SSM::Parameter                   | EKSStack/EksCluster/KubectlReadyBarrier (EKSStackEksClusterKubectlReadyBarrier7C8D2F8E) 
2026-07-17T10:38:36.8343807Z EKSStack-awscdkawseksKubectlProviderNestedStackawscdkawseksKubectlProviderNestedStackR-L9JPA0KUE7L1 |   2 | 10:38:36 AM | DELETE_IN_PROGRESS      | AWS::CloudFormation::Stack            | EKSStack-awscdkawseksKubectlProviderNestedStackawscdkawseksKubectlProviderNestedStackR-L9JPA0KUE7L1 User Initiated
2026-07-17T10:38:39.0438117Z EKSStack |   3 | 10:38:37 AM | DELETE_COMPLETE         | AWS::SSM::Parameter                   | EKSStack/EksCluster/KubectlReadyBarrier (EKSStackEksClusterKubectlReadyBarrier7C8D2F8E) 
2026-07-17T10:38:39.0448925Z EKSStack-awscdkawseksKubectlProviderNestedStackawscdkawseksKubectlProviderNestedStackR-L9JPA0KUE7L1 |   3 | 10:38:38 AM | DELETE_IN_PROGRESS      | AWS::Logs::LogGroup                   | @aws-cdk--aws-eks.KubectlProvider/Handler/LogGroup (HandlerLogGroup50A7B41D) 
2026-07-17T10:38:39.0455020Z EKSStack-awscdkawseksKubectlProviderNestedStackawscdkawseksKubectlProviderNestedStackR-L9JPA0KUE7L1 |   3 | 10:38:38 AM | DELETE_IN_PROGRESS      | AWS::Logs::LogGroup                   | @aws-cdk--aws-eks.ClusterResourceProvider/Provider/framework-onEvent/LogGroup (ProviderframeworkonEventLogGroup683073A3) 
2026-07-17T10:38:39.0464148Z EKSStack-awscdkawseksKubectlProviderNestedStackawscdkawseksKubectlProviderNestedStackR-L9JPA0KUE7L1 |   3 | 10:38:38 AM | DELETE_IN_PROGRESS      | AWS::CDK::Metadata                    | CDKMetadata/Default (CDKMetadata) 
2026-07-17T10:38:41.2156255Z EKSStack-awscdkawseksKubectlProviderNestedStackawscdkawseksKubectlProviderNestedStackR-L9JPA0KUE7L1 |   3 | 10:38:39 AM | DELETE_COMPLETE         | AWS::CDK::Metadata                    | CDKMetadata/Default (CDKMetadata) 
2026-07-17T10:38:41.2163861Z EKSStack-awscdkawseksKubectlProviderNestedStackawscdkawseksKubectlProviderNestedStackR-L9JPA0KUE7L1 |   3 | 10:38:39 AM | DELETE_COMPLETE         | AWS::Logs::LogGroup                   | @aws-cdk--aws-eks.ClusterResourceProvider/Provider/framework-onEvent/LogGroup (ProviderframeworkonEventLogGroup683073A3) 
2026-07-17T10:38:41.2171712Z EKSStack-awscdkawseksKubectlProviderNestedStackawscdkawseksKubectlProviderNestedStackR-L9JPA0KUE7L1 |   3 | 10:38:39 AM | DELETE_IN_PROGRESS      | AWS::Lambda::Function                 | @aws-cdk--aws-eks.ClusterResourceProvider/Provider/framework-onEvent (ProviderframeworkonEvent83C1D0A7) 
2026-07-17T10:38:41.2179033Z EKSStack-awscdkawseksKubectlProviderNestedStackawscdkawseksKubectlProviderNestedStackR-L9JPA0KUE7L1 |   3 | 10:38:40 AM | DELETE_COMPLETE         | AWS::Logs::LogGroup                   | @aws-cdk--aws-eks.KubectlProvider/Handler/LogGroup (HandlerLogGroup50A7B41D) 
2026-07-17T10:38:45.5199678Z EKSStack-awscdkawseksKubectlProviderNestedStackawscdkawseksKubectlProviderNestedStackR-L9JPA0KUE7L1 |   3 | 10:38:43 AM | DELETE_COMPLETE         | AWS::Lambda::Function                 | @aws-cdk--aws-eks.ClusterResourceProvider/Provider/framework-onEvent (ProviderframeworkonEvent83C1D0A7) 
2026-07-17T10:38:45.5209108Z EKSStack-awscdkawseksKubectlProviderNestedStackawscdkawseksKubectlProviderNestedStackR-L9JPA0KUE7L1 |   3 | 10:38:43 AM | DELETE_IN_PROGRESS      | AWS::IAM::Policy                      | @aws-cdk--aws-eks.ClusterResourceProvider/Provider/framework-onEvent/ServiceRole/DefaultPolicy (ProviderframeworkonEventServiceRoleDefaultPolicy48CD2133) 
2026-07-17T10:38:45.5218805Z EKSStack-awscdkawseksKubectlProviderNestedStackawscdkawseksKubectlProviderNestedStackR-L9JPA0KUE7L1 |   3 | 10:38:44 AM | DELETE_COMPLETE         | AWS::IAM::Policy                      | @aws-cdk--aws-eks.ClusterResourceProvider/Provider/framework-onEvent/ServiceRole/DefaultPolicy (ProviderframeworkonEventServiceRoleDefaultPolicy48CD2133) 
2026-07-17T10:38:45.5228280Z EKSStack-awscdkawseksKubectlProviderNestedStackawscdkawseksKubectlProviderNestedStackR-L9JPA0KUE7L1 |   3 | 10:38:44 AM | DELETE_IN_PROGRESS      | AWS::IAM::Role                        | @aws-cdk--aws-eks.ClusterResourceProvider/Provider/framework-onEvent/ServiceRole (ProviderframeworkonEventServiceRole9FF04296) 
2026-07-17T10:38:45.5237016Z EKSStack-awscdkawseksKubectlProviderNestedStackawscdkawseksKubectlProviderNestedStackR-L9JPA0KUE7L1 |   3 | 10:38:44 AM | DELETE_IN_PROGRESS      | AWS::Lambda::Function                 | @aws-cdk--aws-eks.KubectlProvider/Handler (Handler886CB40B) 
2026-07-17T10:38:49.9309465Z EKSStack-awscdkawseksKubectlProviderNestedStackawscdkawseksKubectlProviderNestedStackR-L9JPA0KUE7L1 |   3 | 10:38:48 AM | DELETE_COMPLETE         | AWS::Lambda::Function                 | @aws-cdk--aws-eks.KubectlProvider/Handler (Handler886CB40B) 
2026-07-17T10:38:49.9316493Z EKSStack-awscdkawseksKubectlProviderNestedStackawscdkawseksKubectlProviderNestedStackR-L9JPA0KUE7L1 |   3 | 10:38:48 AM | DELETE_IN_PROGRESS      | AWS::Lambda::LayerVersion             | @aws-cdk--aws-eks.KubectlProvider/AwsCliLayer (AwsCliLayerF44AAF94) 
2026-07-17T10:38:52.0737680Z EKSStack-awscdkawseksKubectlProviderNestedStackawscdkawseksKubectlProviderNestedStackR-L9JPA0KUE7L1 |   3 | 10:38:50 AM | DELETE_COMPLETE         | AWS::Lambda::LayerVersion             | @aws-cdk--aws-eks.KubectlProvider/AwsCliLayer (AwsCliLayerF44AAF94) 
2026-07-17T10:38:56.3885582Z EKSStack-awscdkawseksKubectlProviderNestedStackawscdkawseksKubectlProviderNestedStackR-L9JPA0KUE7L1 |   3 | 10:38:54 AM | DELETE_COMPLETE         | AWS::IAM::Role                        | @aws-cdk--aws-eks.ClusterResourceProvider/Provider/framework-onEvent/ServiceRole (ProviderframeworkonEventServiceRole9FF04296) 
2026-07-17T10:38:56.3893886Z EKSStack-awscdkawseksKubectlProviderNestedStackawscdkawseksKubectlProviderNestedStackR-L9JPA0KUE7L1 |   3 | 10:38:55 AM | DELETE_COMPLETE         | AWS::CloudFormation::Stack            | EKSStack-awscdkawseksKubectlProviderNestedStackawscdkawseksKubectlProviderNestedStackR-L9JPA0KUE7L1 
2026-07-17T10:38:58.4663570Z EKSStack |   4 | 10:38:57 AM | DELETE_COMPLETE         | AWS::CloudFormation::Stack            | @aws-cdk--aws-eks.KubectlProvider.NestedStack/@aws-cdk--aws-eks.KubectlProvider.NestedStackResource (awscdkawseksKubectlProviderNestedStackawscdkawseksKubectlProviderNestedStackResourceA7AEBA6B) 
2026-07-17T10:38:58.4670386Z EKSStack |   4 | 10:38:58 AM | DELETE_IN_PROGRESS      | AWS::IAM::Policy                      | EKSStack/EksCluster/KubectlHandlerRole/DefaultPolicy (EKSStackEksClusterKubectlHandlerRoleDefaultPolicy0AC9392C) 
2026-07-17T10:38:58.4677885Z EKSStack |   4 | 10:38:58 AM | DELETE_IN_PROGRESS      | AWS::Lambda::LayerVersion             | EKSStack/kubectl (EKSStackkubectlC9354512) 
2026-07-17T10:39:00.5443114Z EKSStack |   5 | 10:38:59 AM | DELETE_COMPLETE         | AWS::IAM::Policy                      | EKSStack/EksCluster/KubectlHandlerRole/DefaultPolicy (EKSStackEksClusterKubectlHandlerRoleDefaultPolicy0AC9392C) 
2026-07-17T10:39:00.5450766Z EKSStack |   6 | 10:38:59 AM | DELETE_COMPLETE         | AWS::Lambda::LayerVersion             | EKSStack/kubectl (EKSStackkubectlC9354512) 
2026-07-17T10:46:57.0850683Z EKSStack |   7 | 10:46:55 AM | DELETE_COMPLETE         | AWS::EKS::Nodegroup                   | EKSStack/EksCluster/NodegroupNodeGroup (EKSStackEksClusterNodegroupNodeGroup8374C8DB) 
2026-07-17T10:46:57.0859251Z EKSStack |   7 | 10:46:55 AM | DELETE_IN_PROGRESS      | AWS::IAM::Role                        | EKSStack/EksCluster/NodegroupNodeGroup/NodeGroupRole (EKSStackEksClusterNodegroupNodeGroupNodeGroupRole7306A994) 
2026-07-17T10:46:57.0867947Z EKSStack |   7 | 10:46:55 AM | DELETE_IN_PROGRESS      | Custom::AWSCDK-EKS-Cluster            | EKSStack/EksCluster/Resource/Resource/Default (EKSStackEksClusterC2747860) 
2026-07-17T10:47:07.5287605Z EKSStack |   8 | 10:47:05 AM | DELETE_COMPLETE         | AWS::IAM::Role                        | EKSStack/EksCluster/NodegroupNodeGroup/NodeGroupRole (EKSStackEksClusterNodegroupNodeGroupNodeGroupRole7306A994) 
2026-07-17T10:50:17.7673910Z EKSStack |   9 | 10:50:16 AM | DELETE_COMPLETE         | Custom::AWSCDK-EKS-Cluster            | EKSStack/EksCluster/Resource/Resource/Default (EKSStackEksClusterC2747860) 
2026-07-17T10:50:17.7681572Z EKSStack |   9 | 10:50:17 AM | DELETE_IN_PROGRESS      | AWS::EC2::SecurityGroup               | EKSStackEksClusterControlPlaneSecurityGroup8B04589F 
2026-07-17T10:50:17.7693226Z EKSStack |   9 | 10:50:17 AM | DELETE_IN_PROGRESS      | AWS::IAM::Policy                      | EKSStack/EksCluster/Resource/CreationRole/DefaultPolicy (EKSStackEksClusterCreationRoleDefaultPolicy562BF0D8) 
2026-07-17T10:50:19.8566368Z EKSStack |  10 | 10:50:17 AM | DELETE_COMPLETE         | AWS::IAM::Policy                      | EKSStack/EksCluster/Resource/CreationRole/DefaultPolicy (EKSStackEksClusterCreationRoleDefaultPolicy562BF0D8) 
2026-07-17T10:50:19.8573447Z EKSStack |  10 | 10:50:18 AM | DELETE_IN_PROGRESS      | AWS::IAM::Role                        | EKSStack/EksCluster/Role (EKSStackEksClusterRole02D63101) 
2026-07-17T10:50:19.8582072Z EKSStack |  10 | 10:50:18 AM | DELETE_IN_PROGRESS      | AWS::IAM::Role                        | EKSStack/EksCluster/Resource/CreationRole (EKSStackEksClusterCreationRoleDFC17384) 
2026-07-17T10:50:19.8597411Z EKSStack |  11 | 10:50:18 AM | DELETE_COMPLETE         | AWS::EC2::SecurityGroup               | EKSStackEksClusterControlPlaneSecurityGroup8B04589F 
2026-07-17T10:50:30.4243789Z EKSStack |  12 | 10:50:28 AM | DELETE_COMPLETE         | AWS::IAM::Role                        | EKSStack/EksCluster/Resource/CreationRole (EKSStackEksClusterCreationRoleDFC17384) 
2026-07-17T10:50:30.4250573Z EKSStack |  13 | 10:50:28 AM | DELETE_COMPLETE         | AWS::IAM::Role                        | EKSStack/EksCluster/Role (EKSStackEksClusterRole02D63101) 
2026-07-17T10:50:30.4258542Z EKSStack |  13 | 10:50:28 AM | DELETE_IN_PROGRESS      | AWS::IAM::Role                        | EKSStack/EksCluster/KubectlHandlerRole (EKSStackEksClusterKubectlHandlerRole29D6803E) 
2026-07-17T10:50:30.4267273Z EKSStack |  13 | 10:50:28 AM | DELETE_IN_PROGRESS      | AWS::CloudFormation::Stack            | @aws-cdk--aws-eks.ClusterResourceProvider.NestedStack/@aws-cdk--aws-eks.ClusterResourceProvider.NestedStackResource (awscdkawseksClusterResourceProviderNestedStackawscdkawseksClusterResourceProviderNestedStackResource9827C454) 
2026-07-17T10:50:30.4275636Z EKSStack-awscdkawseksClusterResourceProviderNestedStackawscdkawseksClusterResourceProv-1WKH453GT8W79 |  13 | 10:50:29 AM | DELETE_IN_PROGRESS      | AWS::CloudFormation::Stack            | EKSStack-awscdkawseksClusterResourceProviderNestedStackawscdkawseksClusterResourceProv-1WKH453GT8W79 User Initiated
2026-07-17T10:50:32.5794052Z EKSStack-awscdkawseksClusterResourceProviderNestedStackawscdkawseksClusterResourceProv-1WKH453GT8W79 |  13 | 10:50:30 AM | DELETE_IN_PROGRESS      | AWS::CDK::Metadata                    | CDKMetadata/Default (CDKMetadata) 
2026-07-17T10:50:32.5802673Z EKSStack-awscdkawseksClusterResourceProviderNestedStackawscdkawseksClusterResourceProv-1WKH453GT8W79 |  13 | 10:50:31 AM | DELETE_SKIPPED          | AWS::Logs::LogGroup                   | @aws-cdk--aws-eks.ClusterResourceProvider/IsCompleteHandler/LogGroup (IsCompleteHandlerLogGroupC85FFE26) 
2026-07-17T10:50:32.5812561Z EKSStack-awscdkawseksClusterResourceProviderNestedStackawscdkawseksClusterResourceProv-1WKH453GT8W79 |  13 | 10:50:31 AM | DELETE_SKIPPED          | AWS::Logs::LogGroup                   | @aws-cdk--aws-eks.ClusterResourceProvider/Provider/framework-isComplete/LogGroup (ProviderframeworkisCompleteLogGroupEB065F2D) 
2026-07-17T10:50:32.5821767Z EKSStack-awscdkawseksClusterResourceProviderNestedStackawscdkawseksClusterResourceProv-1WKH453GT8W79 |  13 | 10:50:31 AM | DELETE_SKIPPED          | AWS::Logs::LogGroup                   | @aws-cdk--aws-eks.ClusterResourceProvider/Provider/framework-onEvent/LogGroup (ProviderframeworkonEventLogGroup683073A3) 
2026-07-17T10:50:32.5831019Z EKSStack-awscdkawseksClusterResourceProviderNestedStackawscdkawseksClusterResourceProv-1WKH453GT8W79 |  13 | 10:50:31 AM | DELETE_SKIPPED          | AWS::Logs::LogGroup                   | @aws-cdk--aws-eks.ClusterResourceProvider/OnEventHandler/LogGroup (OnEventHandlerLogGroup54D03A56) 
2026-07-17T10:50:32.5840669Z EKSStack-awscdkawseksClusterResourceProviderNestedStackawscdkawseksClusterResourceProv-1WKH453GT8W79 |  13 | 10:50:31 AM | DELETE_SKIPPED          | AWS::Logs::LogGroup                   | @aws-cdk--aws-eks.ClusterResourceProvider/Provider/framework-onTimeout/LogGroup (ProviderframeworkonTimeoutLogGroupE53BF187) 
2026-07-17T10:50:32.5850099Z EKSStack-awscdkawseksClusterResourceProviderNestedStackawscdkawseksClusterResourceProv-1WKH453GT8W79 |  13 | 10:50:31 AM | DELETE_IN_PROGRESS      | AWS::Lambda::Function                 | @aws-cdk--aws-eks.ClusterResourceProvider/Provider/framework-onEvent (ProviderframeworkonEvent83C1D0A7) 
2026-07-17T10:50:32.5858367Z EKSStack-awscdkawseksClusterResourceProviderNestedStackawscdkawseksClusterResourceProv-1WKH453GT8W79 |  13 | 10:50:31 AM | DELETE_COMPLETE         | AWS::CDK::Metadata                    | CDKMetadata/Default (CDKMetadata) 
2026-07-17T10:50:36.9643350Z EKSStack-awscdkawseksClusterResourceProviderNestedStackawscdkawseksClusterResourceProv-1WKH453GT8W79 |  13 | 10:50:35 AM | DELETE_COMPLETE         | AWS::Lambda::Function                 | @aws-cdk--aws-eks.ClusterResourceProvider/Provider/framework-onEvent (ProviderframeworkonEvent83C1D0A7) 
2026-07-17T10:50:36.9653391Z EKSStack-awscdkawseksClusterResourceProviderNestedStackawscdkawseksClusterResourceProv-1WKH453GT8W79 |  13 | 10:50:35 AM | DELETE_IN_PROGRESS      | AWS::IAM::Policy                      | @aws-cdk--aws-eks.ClusterResourceProvider/Provider/framework-onEvent/ServiceRole/DefaultPolicy (ProviderframeworkonEventServiceRoleDefaultPolicy48CD2133) 
2026-07-17T10:50:36.9662389Z EKSStack-awscdkawseksClusterResourceProviderNestedStackawscdkawseksClusterResourceProv-1WKH453GT8W79 |  13 | 10:50:36 AM | DELETE_COMPLETE         | AWS::IAM::Policy                      | @aws-cdk--aws-eks.ClusterResourceProvider/Provider/framework-onEvent/ServiceRole/DefaultPolicy (ProviderframeworkonEventServiceRoleDefaultPolicy48CD2133) 
2026-07-17T10:50:39.1344344Z EKSStack-awscdkawseksClusterResourceProviderNestedStackawscdkawseksClusterResourceProv-1WKH453GT8W79 |  13 | 10:50:36 AM | DELETE_IN_PROGRESS      | AWS::StepFunctions::StateMachine      | @aws-cdk--aws-eks.ClusterResourceProvider/Provider/waiter-state-machine (Providerwaiterstatemachine5D4A9DF0) 
2026-07-17T10:50:39.1351570Z EKSStack-awscdkawseksClusterResourceProviderNestedStackawscdkawseksClusterResourceProv-1WKH453GT8W79 |  13 | 10:50:37 AM | DELETE_IN_PROGRESS      | AWS::IAM::Role                        | @aws-cdk--aws-eks.ClusterResourceProvider/Provider/framework-onEvent/ServiceRole (ProviderframeworkonEventServiceRole9FF04296) 
2026-07-17T10:50:39.1358773Z EKSStack |  14 | 10:50:38 AM | DELETE_COMPLETE         | AWS::IAM::Role                        | EKSStack/EksCluster/KubectlHandlerRole (EKSStackEksClusterKubectlHandlerRole29D6803E) 
2026-07-17T10:50:47.8972743Z EKSStack-awscdkawseksClusterResourceProviderNestedStackawscdkawseksClusterResourceProv-1WKH453GT8W79 |  14 | 10:50:45 AM | DELETE_COMPLETE         | AWS::IAM::Role                        | @aws-cdk--aws-eks.ClusterResourceProvider/Provider/framework-onEvent/ServiceRole (ProviderframeworkonEventServiceRole9FF04296) 
2026-07-17T10:51:29.3963285Z EKSStack-awscdkawseksClusterResourceProviderNestedStackawscdkawseksClusterResourceProv-1WKH453GT8W79 |  14 | 10:51:28 AM | DELETE_COMPLETE         | AWS::StepFunctions::StateMachine      | @aws-cdk--aws-eks.ClusterResourceProvider/Provider/waiter-state-machine (Providerwaiterstatemachine5D4A9DF0) 
2026-07-17T10:51:31.5707035Z EKSStack-awscdkawseksClusterResourceProviderNestedStackawscdkawseksClusterResourceProv-1WKH453GT8W79 |  14 | 10:51:29 AM | DELETE_IN_PROGRESS      | AWS::IAM::Policy                      | @aws-cdk--aws-eks.ClusterResourceProvider/Provider/waiter-state-machine/Role/DefaultPolicy (ProviderwaiterstatemachineRoleDefaultPolicyD3C3DA1A) 
2026-07-17T10:51:31.5716411Z EKSStack-awscdkawseksClusterResourceProviderNestedStackawscdkawseksClusterResourceProv-1WKH453GT8W79 |  14 | 10:51:30 AM | DELETE_COMPLETE         | AWS::IAM::Policy                      | @aws-cdk--aws-eks.ClusterResourceProvider/Provider/waiter-state-machine/Role/DefaultPolicy (ProviderwaiterstatemachineRoleDefaultPolicyD3C3DA1A) 
2026-07-17T10:51:31.5725403Z EKSStack-awscdkawseksClusterResourceProviderNestedStackawscdkawseksClusterResourceProv-1WKH453GT8W79 |  14 | 10:51:30 AM | DELETE_IN_PROGRESS      | AWS::Lambda::Function                 | @aws-cdk--aws-eks.ClusterResourceProvider/Provider/framework-isComplete (ProviderframeworkisComplete26D7B0CB) 
2026-07-17T10:51:31.5734983Z EKSStack-awscdkawseksClusterResourceProviderNestedStackawscdkawseksClusterResourceProv-1WKH453GT8W79 |  14 | 10:51:30 AM | DELETE_IN_PROGRESS      | AWS::IAM::Role                        | @aws-cdk--aws-eks.ClusterResourceProvider/Provider/waiter-state-machine/Role (ProviderwaiterstatemachineRole0C7159F9) 
2026-07-17T10:51:31.5745094Z EKSStack-awscdkawseksClusterResourceProviderNestedStackawscdkawseksClusterResourceProv-1WKH453GT8W79 |  14 | 10:51:30 AM | DELETE_IN_PROGRESS      | AWS::Lambda::Function                 | @aws-cdk--aws-eks.ClusterResourceProvider/Provider/framework-onTimeout (ProviderframeworkonTimeout0B47CA38) 
2026-07-17T10:51:35.9638332Z EKSStack-awscdkawseksClusterResourceProviderNestedStackawscdkawseksClusterResourceProv-1WKH453GT8W79 |  14 | 10:51:34 AM | DELETE_COMPLETE         | AWS::Lambda::Function                 | @aws-cdk--aws-eks.ClusterResourceProvider/Provider/framework-onTimeout (ProviderframeworkonTimeout0B47CA38) 
2026-07-17T10:51:35.9644753Z EKSStack-awscdkawseksClusterResourceProviderNestedStackawscdkawseksClusterResourceProv-1WKH453GT8W79 |  14 | 10:51:34 AM | DELETE_COMPLETE         | AWS::Lambda::Function                 | @aws-cdk--aws-eks.ClusterResourceProvider/Provider/framework-isComplete (ProviderframeworkisComplete26D7B0CB) 
2026-07-17T10:51:35.9652769Z EKSStack-awscdkawseksClusterResourceProviderNestedStackawscdkawseksClusterResourceProv-1WKH453GT8W79 |  14 | 10:51:34 AM | DELETE_IN_PROGRESS      | AWS::IAM::Policy                      | @aws-cdk--aws-eks.ClusterResourceProvider/Provider/framework-onTimeout/ServiceRole/DefaultPolicy (ProviderframeworkonTimeoutServiceRoleDefaultPolicy2688969F) 
2026-07-17T10:51:35.9660563Z EKSStack-awscdkawseksClusterResourceProviderNestedStackawscdkawseksClusterResourceProv-1WKH453GT8W79 |  14 | 10:51:34 AM | DELETE_IN_PROGRESS      | AWS::IAM::Policy                      | @aws-cdk--aws-eks.ClusterResourceProvider/Provider/framework-isComplete/ServiceRole/DefaultPolicy (ProviderframeworkisCompleteServiceRoleDefaultPolicy2E7140AC) 
2026-07-17T10:51:35.9668342Z EKSStack-awscdkawseksClusterResourceProviderNestedStackawscdkawseksClusterResourceProv-1WKH453GT8W79 |  14 | 10:51:35 AM | DELETE_COMPLETE         | AWS::IAM::Policy                      | @aws-cdk--aws-eks.ClusterResourceProvider/Provider/framework-isComplete/ServiceRole/DefaultPolicy (ProviderframeworkisCompleteServiceRoleDefaultPolicy2E7140AC) 
2026-07-17T10:51:35.9676580Z EKSStack-awscdkawseksClusterResourceProviderNestedStackawscdkawseksClusterResourceProv-1WKH453GT8W79 |  14 | 10:51:35 AM | DELETE_COMPLETE         | AWS::IAM::Policy                      | @aws-cdk--aws-eks.ClusterResourceProvider/Provider/framework-onTimeout/ServiceRole/DefaultPolicy (ProviderframeworkonTimeoutServiceRoleDefaultPolicy2688969F) 
2026-07-17T10:51:38.1708446Z EKSStack-awscdkawseksClusterResourceProviderNestedStackawscdkawseksClusterResourceProv-1WKH453GT8W79 |  14 | 10:51:36 AM | DELETE_IN_PROGRESS      | AWS::IAM::Role                        | @aws-cdk--aws-eks.ClusterResourceProvider/Provider/framework-isComplete/ServiceRole (ProviderframeworkisCompleteServiceRoleB1087139) 
2026-07-17T10:51:38.1715280Z EKSStack-awscdkawseksClusterResourceProviderNestedStackawscdkawseksClusterResourceProv-1WKH453GT8W79 |  14 | 10:51:36 AM | DELETE_IN_PROGRESS      | AWS::Lambda::Function                 | @aws-cdk--aws-eks.ClusterResourceProvider/IsCompleteHandler (IsCompleteHandler7073F4DA) 
2026-07-17T10:51:38.1723223Z EKSStack-awscdkawseksClusterResourceProviderNestedStackawscdkawseksClusterResourceProv-1WKH453GT8W79 |  14 | 10:51:36 AM | DELETE_IN_PROGRESS      | AWS::IAM::Role                        | @aws-cdk--aws-eks.ClusterResourceProvider/Provider/framework-onTimeout/ServiceRole (ProviderframeworkonTimeoutServiceRole28643D26) 
2026-07-17T10:51:38.1730536Z EKSStack-awscdkawseksClusterResourceProviderNestedStackawscdkawseksClusterResourceProv-1WKH453GT8W79 |  14 | 10:51:36 AM | DELETE_IN_PROGRESS      | AWS::Lambda::Function                 | @aws-cdk--aws-eks.ClusterResourceProvider/OnEventHandler (OnEventHandler42BEBAE0) 
2026-07-17T10:51:40.3648158Z EKSStack-awscdkawseksClusterResourceProviderNestedStackawscdkawseksClusterResourceProv-1WKH453GT8W79 |  14 | 10:51:39 AM | DELETE_COMPLETE         | AWS::Lambda::Function                 | @aws-cdk--aws-eks.ClusterResourceProvider/IsCompleteHandler (IsCompleteHandler7073F4DA) 
2026-07-17T10:51:40.3655510Z EKSStack-awscdkawseksClusterResourceProviderNestedStackawscdkawseksClusterResourceProv-1WKH453GT8W79 |  14 | 10:51:40 AM | DELETE_IN_PROGRESS      | AWS::IAM::Role                        | @aws-cdk--aws-eks.ClusterResourceProvider/IsCompleteHandler/ServiceRole (IsCompleteHandlerServiceRole5810CC58) 
2026-07-17T10:51:40.3663489Z EKSStack-awscdkawseksClusterResourceProviderNestedStackawscdkawseksClusterResourceProv-1WKH453GT8W79 |  14 | 10:51:40 AM | DELETE_COMPLETE         | AWS::Lambda::Function                 | @aws-cdk--aws-eks.ClusterResourceProvider/OnEventHandler (OnEventHandler42BEBAE0) 
2026-07-17T10:51:42.5872629Z EKSStack-awscdkawseksClusterResourceProviderNestedStackawscdkawseksClusterResourceProv-1WKH453GT8W79 |  14 | 10:51:40 AM | DELETE_COMPLETE         | AWS::IAM::Role                        | @aws-cdk--aws-eks.ClusterResourceProvider/Provider/waiter-state-machine/Role (ProviderwaiterstatemachineRole0C7159F9) 
2026-07-17T10:51:42.5879369Z EKSStack-awscdkawseksClusterResourceProviderNestedStackawscdkawseksClusterResourceProv-1WKH453GT8W79 |  14 | 10:51:40 AM | DELETE_IN_PROGRESS      | AWS::IAM::Role                        | @aws-cdk--aws-eks.ClusterResourceProvider/OnEventHandler/ServiceRole (OnEventHandlerServiceRole15A26729) 
2026-07-17T10:51:42.5887641Z EKSStack-awscdkawseksClusterResourceProviderNestedStackawscdkawseksClusterResourceProv-1WKH453GT8W79 |  14 | 10:51:40 AM | DELETE_IN_PROGRESS      | AWS::Lambda::LayerVersion             | @aws-cdk--aws-eks.ClusterResourceProvider/NodeProxyAgentLayer (NodeProxyAgentLayer924C1971) 
2026-07-17T10:51:42.5895172Z EKSStack-awscdkawseksClusterResourceProviderNestedStackawscdkawseksClusterResourceProv-1WKH453GT8W79 |  14 | 10:51:41 AM | DELETE_COMPLETE         | AWS::Lambda::LayerVersion             | @aws-cdk--aws-eks.ClusterResourceProvider/NodeProxyAgentLayer (NodeProxyAgentLayer924C1971) 
2026-07-17T10:51:44.7667695Z EKSStack-awscdkawseksClusterResourceProviderNestedStackawscdkawseksClusterResourceProv-1WKH453GT8W79 |  14 | 10:51:44 AM | DELETE_COMPLETE         | AWS::IAM::Role                        | @aws-cdk--aws-eks.ClusterResourceProvider/Provider/framework-isComplete/ServiceRole (ProviderframeworkisCompleteServiceRoleB1087139) 
2026-07-17T10:51:46.9438822Z EKSStack-awscdkawseksClusterResourceProviderNestedStackawscdkawseksClusterResourceProv-1WKH453GT8W79 |  14 | 10:51:44 AM | DELETE_COMPLETE         | AWS::IAM::Role                        | @aws-cdk--aws-eks.ClusterResourceProvider/Provider/framework-onTimeout/ServiceRole (ProviderframeworkonTimeoutServiceRole28643D26) 
2026-07-17T10:51:51.2842156Z EKSStack-awscdkawseksClusterResourceProviderNestedStackawscdkawseksClusterResourceProv-1WKH453GT8W79 |  14 | 10:51:50 AM | DELETE_COMPLETE         | AWS::IAM::Role                        | @aws-cdk--aws-eks.ClusterResourceProvider/IsCompleteHandler/ServiceRole (IsCompleteHandlerServiceRole5810CC58) 
2026-07-17T10:51:51.2849027Z EKSStack-awscdkawseksClusterResourceProviderNestedStackawscdkawseksClusterResourceProv-1WKH453GT8W79 |  14 | 10:51:50 AM | DELETE_COMPLETE         | AWS::IAM::Role                        | @aws-cdk--aws-eks.ClusterResourceProvider/OnEventHandler/ServiceRole (OnEventHandlerServiceRole15A26729) 
2026-07-17T10:51:51.2856733Z EKSStack-awscdkawseksClusterResourceProviderNestedStackawscdkawseksClusterResourceProv-1WKH453GT8W79 |  14 | 10:51:50 AM | DELETE_COMPLETE         | AWS::CloudFormation::Stack            | EKSStack-awscdkawseksClusterResourceProviderNestedStackawscdkawseksClusterResourceProv-1WKH453GT8W79 
2026-07-17T10:52:03.7961220Z EKSStack |  15 | 10:52:02 AM | DELETE_COMPLETE         | AWS::CloudFormation::Stack            | @aws-cdk--aws-eks.ClusterResourceProvider.NestedStack/@aws-cdk--aws-eks.ClusterResourceProvider.NestedStackResource (awscdkawseksClusterResourceProviderNestedStackawscdkawseksClusterResourceProviderNestedStackResource9827C454) 
2026-07-17T10:52:03.7969563Z EKSStack |  16 | 10:52:03 AM | DELETE_COMPLETE         | AWS::CloudFormation::Stack            | EKSStack 
2026-07-17T10:52:07.7674375Z 
2026-07-17T10:52:07.7675231Z  ✅  EKSStack: destroyed
2026-07-17T10:52:07.7676251Z VPCStack: destroying... [4/4]
2026-07-17T10:52:09.9314368Z VPCStack |   0 | 10:52:08 AM | DELETE_IN_PROGRESS      | AWS::CloudFormation::Stack            | VPCStack User Initiated
2026-07-17T10:52:12.0085726Z VPCStack |   0 | 10:52:09 AM | DELETE_IN_PROGRESS      | AWS::EC2::SubnetRouteTableAssociation | VPCWebAppVPCrdssubnetSubnet2RouteTableAssociation4DFDFB70 
2026-07-17T10:52:12.0087588Z VPCStack |   0 | 10:52:09 AM | DELETE_IN_PROGRESS      | AWS::EC2::Route                       | VPCWebAppVPCekssubnetSubnet2DefaultRoute60682A93 
2026-07-17T10:52:12.0089257Z VPCStack |   0 | 10:52:09 AM | DELETE_IN_PROGRESS      | AWS::EC2::SubnetRouteTableAssociation | VPCWebAppVPCekssubnetSubnet1RouteTableAssociation6ECD4098 
2026-07-17T10:52:12.0091289Z VPCStack |   0 | 10:52:09 AM | DELETE_IN_PROGRESS      | AWS::EC2::SubnetRouteTableAssociation | VPCWebAppVPCekssubnetSubnet2RouteTableAssociation80038E2F 
2026-07-17T10:52:12.0093442Z VPCStack |   0 | 10:52:09 AM | DELETE_IN_PROGRESS      | AWS::EC2::SecurityGroup               | VPCVpceSgD6E75259 
2026-07-17T10:52:12.0096821Z VPCStack |   0 | 10:52:09 AM | DELETE_IN_PROGRESS      | AWS::CDK::Metadata                    | CDKMetadata/Default (CDKMetadata) 
2026-07-17T10:52:12.0100145Z VPCStack |   0 | 10:52:09 AM | DELETE_IN_PROGRESS      | AWS::EC2::Route                       | VPCWebAppVPCekssubnetSubnet1DefaultRoute74779FC2 
2026-07-17T10:52:12.0103736Z VPCStack |   0 | 10:52:09 AM | DELETE_IN_PROGRESS      | AWS::EC2::SubnetRouteTableAssociation | VPCWebAppVPCrdssubnetSubnet1RouteTableAssociation77953F2A 
2026-07-17T10:52:12.0106527Z VPCStack |   0 | 10:52:10 AM | DELETE_IN_PROGRESS      | AWS::EC2::VPCEndpoint                 | VPCWebAppVPCS3EndpointE01882B5 
2026-07-17T10:52:12.0110945Z VPCStack |   0 | 10:52:10 AM | DELETE_IN_PROGRESS      | Custom::VpcRestrictDefaultSG          | VPC/WebApp_VPC/RestrictDefaultSecurityGroupCustomResource/Default (VPCWebAppVPCRestrictDefaultSecurityGroupCustomResourceBE17823B) 
2026-07-17T10:52:12.0113521Z VPCStack |   1 | 10:52:10 AM | DELETE_COMPLETE         | AWS::CDK::Metadata                    | CDKMetadata/Default (CDKMetadata) 
2026-07-17T10:52:12.0116876Z VPCStack |   2 | 10:52:11 AM | DELETE_COMPLETE         | AWS::EC2::Route                       | VPCWebAppVPCekssubnetSubnet2DefaultRoute60682A93 
2026-07-17T10:52:12.0119290Z VPCStack |   3 | 10:52:11 AM | DELETE_COMPLETE         | AWS::EC2::Route                       | VPCWebAppVPCekssubnetSubnet1DefaultRoute74779FC2 
2026-07-17T10:52:12.0121841Z VPCStack |   4 | 10:52:11 AM | DELETE_COMPLETE         | AWS::EC2::VPCEndpoint                 | VPCWebAppVPCS3EndpointE01882B5 
2026-07-17T10:52:12.0124183Z VPCStack |   5 | 10:52:11 AM | DELETE_COMPLETE         | AWS::EC2::SecurityGroup               | VPCVpceSgD6E75259 
2026-07-17T10:52:12.0126606Z VPCStack |   5 | 10:52:11 AM | DELETE_IN_PROGRESS      | AWS::EC2::VPCGatewayAttachment        | VPC/WebApp_VPC/VPCGW (VPCWebAppVPCVPCGWE1D5488A) 
2026-07-17T10:52:14.0838452Z VPCStack |   6 | 10:52:12 AM | DELETE_COMPLETE         | AWS::EC2::VPCGatewayAttachment        | VPC/WebApp_VPC/VPCGW (VPCWebAppVPCVPCGWE1D5488A) 
2026-07-17T10:52:14.0839980Z VPCStack |   6 | 10:52:13 AM | DELETE_IN_PROGRESS      | AWS::EC2::InternetGateway             | VPC/WebApp_VPC/IGW (VPCWebAppVPCIGW31ABE3C0) 
2026-07-17T10:52:16.1669002Z VPCStack |   7 | 10:52:14 AM | DELETE_COMPLETE         | AWS::EC2::InternetGateway             | VPC/WebApp_VPC/IGW (VPCWebAppVPCIGW31ABE3C0) 
2026-07-17T10:52:20.3286068Z VPCStack |   8 | 10:52:19 AM | DELETE_COMPLETE         | Custom::VpcRestrictDefaultSG          | VPC/WebApp_VPC/RestrictDefaultSecurityGroupCustomResource/Default (VPCWebAppVPCRestrictDefaultSecurityGroupCustomResourceBE17823B) 
2026-07-17T10:52:20.3288111Z VPCStack |   8 | 10:52:19 AM | DELETE_IN_PROGRESS      | AWS::Lambda::Function                 | Custom::VpcRestrictDefaultSGCustomResourceProvider/Handler (CustomVpcRestrictDefaultSGCustomResourceProviderHandlerDC833E5E) 
2026-07-17T10:52:24.4958172Z VPCStack |   9 | 10:52:23 AM | DELETE_COMPLETE         | AWS::Lambda::Function                 | Custom::VpcRestrictDefaultSGCustomResourceProvider/Handler (CustomVpcRestrictDefaultSGCustomResourceProviderHandlerDC833E5E) 
2026-07-17T10:52:24.4961308Z VPCStack |   9 | 10:52:24 AM | DELETE_IN_PROGRESS      | AWS::IAM::Role                        | Custom::VpcRestrictDefaultSGCustomResourceProvider/Role (CustomVpcRestrictDefaultSGCustomResourceProviderRole26592FE0) 
2026-07-17T10:52:26.5896717Z VPCStack |  10 | 10:52:26 AM | DELETE_COMPLETE         | AWS::EC2::SubnetRouteTableAssociation | VPCWebAppVPCrdssubnetSubnet2RouteTableAssociation4DFDFB70 
2026-07-17T10:52:26.5898696Z VPCStack |  11 | 10:52:26 AM | DELETE_COMPLETE         | AWS::EC2::SubnetRouteTableAssociation | VPCWebAppVPCrdssubnetSubnet1RouteTableAssociation77953F2A 
2026-07-17T10:52:26.5901393Z VPCStack |  12 | 10:52:26 AM | DELETE_COMPLETE         | AWS::EC2::SubnetRouteTableAssociation | VPCWebAppVPCekssubnetSubnet1RouteTableAssociation6ECD4098 
2026-07-17T10:52:26.5911186Z VPCStack |  13 | 10:52:26 AM | DELETE_COMPLETE         | AWS::EC2::SubnetRouteTableAssociation | VPCWebAppVPCekssubnetSubnet2RouteTableAssociation80038E2F 
2026-07-17T10:52:28.6823511Z VPCStack |  13 | 10:52:26 AM | DELETE_IN_PROGRESS      | AWS::EC2::RouteTable                  | VPCWebAppVPCrdssubnetSubnet2RouteTable11E46DD1 
2026-07-17T10:52:28.6825130Z VPCStack |  13 | 10:52:26 AM | DELETE_IN_PROGRESS      | AWS::EC2::Subnet                      | VPCWebAppVPCrdssubnetSubnet2Subnet3512576D 
2026-07-17T10:52:28.6828631Z VPCStack |  13 | 10:52:26 AM | DELETE_IN_PROGRESS      | AWS::EC2::Subnet                      | VPCWebAppVPCrdssubnetSubnet1SubnetD2F646D7 
2026-07-17T10:52:28.6831724Z VPCStack |  13 | 10:52:26 AM | DELETE_IN_PROGRESS      | AWS::EC2::Subnet                      | VPCWebAppVPCekssubnetSubnet1Subnet20CE68EC 
2026-07-17T10:52:28.6835197Z VPCStack |  13 | 10:52:26 AM | DELETE_IN_PROGRESS      | AWS::EC2::RouteTable                  | VPCWebAppVPCrdssubnetSubnet1RouteTableFD9872B4 
2026-07-17T10:52:28.6838262Z VPCStack |  13 | 10:52:26 AM | DELETE_IN_PROGRESS      | AWS::EC2::RouteTable                  | VPCWebAppVPCekssubnetSubnet2RouteTableF61B042C 
2026-07-17T10:52:28.6841677Z VPCStack |  13 | 10:52:26 AM | DELETE_IN_PROGRESS      | AWS::EC2::RouteTable                  | VPCWebAppVPCekssubnetSubnet1RouteTableFBC7AF4C 
2026-07-17T10:52:28.6844896Z VPCStack |  13 | 10:52:26 AM | DELETE_IN_PROGRESS      | AWS::EC2::Subnet                      | VPCWebAppVPCekssubnetSubnet2Subnet0D43E6AC 
2026-07-17T10:52:28.6848238Z VPCStack |  14 | 10:52:27 AM | DELETE_COMPLETE         | AWS::EC2::RouteTable                  | VPCWebAppVPCrdssubnetSubnet2RouteTable11E46DD1 
2026-07-17T10:52:28.6851730Z VPCStack |  15 | 10:52:27 AM | DELETE_COMPLETE         | AWS::EC2::RouteTable                  | VPCWebAppVPCrdssubnetSubnet1RouteTableFD9872B4 
2026-07-17T10:52:28.6855012Z VPCStack |  16 | 10:52:27 AM | DELETE_COMPLETE         | AWS::EC2::RouteTable                  | VPCWebAppVPCekssubnetSubnet2RouteTableF61B042C 
2026-07-17T10:52:28.6858224Z VPCStack |  17 | 10:52:27 AM | DELETE_COMPLETE         | AWS::EC2::RouteTable                  | VPCWebAppVPCekssubnetSubnet1RouteTableFBC7AF4C 
2026-07-17T10:52:28.6861596Z VPCStack |  18 | 10:52:28 AM | DELETE_COMPLETE         | AWS::EC2::Subnet                      | VPCWebAppVPCekssubnetSubnet2Subnet0D43E6AC 
2026-07-17T10:52:28.6864903Z VPCStack |  19 | 10:52:28 AM | DELETE_COMPLETE         | AWS::EC2::Subnet                      | VPCWebAppVPCrdssubnetSubnet2Subnet3512576D 
2026-07-17T10:52:30.7535508Z VPCStack |  20 | 10:52:29 AM | DELETE_COMPLETE         | AWS::EC2::Subnet                      | VPCWebAppVPCrdssubnetSubnet1SubnetD2F646D7 
2026-07-17T10:52:30.7537097Z VPCStack |  21 | 10:52:29 AM | DELETE_COMPLETE         | AWS::EC2::Subnet                      | VPCWebAppVPCekssubnetSubnet1Subnet20CE68EC 
2026-07-17T10:52:34.9154580Z VPCStack |  22 | 10:52:34 AM | DELETE_COMPLETE         | AWS::IAM::Role                        | Custom::VpcRestrictDefaultSGCustomResourceProvider/Role (CustomVpcRestrictDefaultSGCustomResourceProviderRole26592FE0) 
2026-07-17T10:52:34.9156446Z VPCStack |  22 | 10:52:34 AM | DELETE_IN_PROGRESS      | AWS::EC2::VPC                         | VPC/WebApp_VPC (VPCWebAppVPCC6483C4A) 
2026-07-17T10:52:37.0016715Z VPCStack |  23 | 10:52:36 AM | DELETE_COMPLETE         | AWS::EC2::VPC                         | VPC/WebApp_VPC (VPCWebAppVPCC6483C4A) 
2026-07-17T10:52:37.0017747Z VPCStack |  24 | 10:52:36 AM | DELETE_COMPLETE         | AWS::CloudFormation::Stack            | VPCStack 
2026-07-17T10:52:38.6895902Z 
2026-07-17T10:52:38.6896756Z  ✅  VPCStack: destroyed
2026-07-17T10:52:38.8443743Z Post job cleanup.
2026-07-17T10:52:39.0085762Z Pruning is unnecessary.
2026-07-17T10:52:39.0089101Z Cache hit occurred on the primary key pnpm-cache-Linux-x64-54c035bec6a2e42c66ee448ba72518ecfb964933f059dc842614053624f142a7, not saving cache.
2026-07-17T10:52:39.0302552Z Post job cleanup.
2026-07-17T10:52:39.1311998Z Node 20 is being deprecated. This workflow is running with Node 24 by default. If you need to temporarily use Node 20, you can set the ACTIONS_ALLOW_USE_UNSECURE_NODE_VERSION=true environment variable. For more information see: https://github.blog/changelog/2025-09-19-deprecation-of-node-20-on-github-actions-runners/
2026-07-17T10:52:39.1313291Z Post job cleanup.
2026-07-17T10:52:39.2275413Z [command]/usr/bin/git version
2026-07-17T10:52:39.2319821Z git version 2.54.0
2026-07-17T10:52:39.2356581Z Temporarily overriding HOME='/home/runner/work/_temp/173735df-ec7d-477a-8404-f3a0e8666d80' before making global git config changes
2026-07-17T10:52:39.2358349Z Adding repository directory to the temporary git global config as a safe directory
2026-07-17T10:52:39.2362984Z [command]/usr/bin/git config --global --add safe.directory /home/runner/work/Infrastructure/Infrastructure
2026-07-17T10:52:39.2415638Z [command]/usr/bin/git config --local --name-only --get-regexp core\.sshCommand
2026-07-17T10:52:39.2487545Z [command]/usr/bin/git submodule foreach --recursive sh -c "git config --local --name-only --get-regexp 'core\.sshCommand' && git config --local --unset-all 'core.sshCommand' || :"
2026-07-17T10:52:39.2816588Z [command]/usr/bin/git config --local --name-only --get-regexp http\.https\:\/\/github\.com\/\.extraheader
2026-07-17T10:52:39.2862106Z http.https://github.com/.extraheader
2026-07-17T10:52:39.2881187Z [command]/usr/bin/git config --local --unset-all http.https://github.com/.extraheader
2026-07-17T10:52:39.2961405Z [command]/usr/bin/git submodule foreach --recursive sh -c "git config --local --name-only --get-regexp 'http\.https\:\/\/github\.com\/\.extraheader' && git config --local --unset-all 'http.https://github.com/.extraheader' || :"
2026-07-17T10:52:39.3310805Z [command]/usr/bin/git config --local --name-only --get-regexp ^includeIf\.gitdir:
2026-07-17T10:52:39.3366645Z [command]/usr/bin/git submodule foreach --recursive git config --local --show-origin --name-only --get-regexp remote.origin.url
2026-07-17T10:52:39.3868522Z Cleaning up orphan processes
2026-07-17T10:52:39.4176845Z ##[warning]Node.js 20 is deprecated. The following actions target Node.js 20 but are being forced to run on Node.js 24: actions/checkout@v4. For more information see: https://github.blog/changelog/2025-09-19-deprecation-of-node-20-on-github-actions-runners/